// Jest Snapshot v1, https://goo.gl/fbAQLP

exports[`testing in component GameBoard should be displayed correctly 1`] = `<GameBoard />`;
