// Jest Snapshot v1, https://goo.gl/fbAQLP

exports[`testing in component Header should be displayed correctly 1`] = `
<styled.div>
  <div>
    <h1>
      Rock Paper Scissors
    </h1>
    <Score />
  </div>
</styled.div>
`;
