// Jest Snapshot v1, https://goo.gl/fbAQLP

exports[`testing in component Score should be displayed correctly 1`] = `<Score />`;
