// Jest Snapshot v1, https://goo.gl/fbAQLP

exports[`testing in component Wrapper should be displayed correctly 1`] = `<styled.div />`;
